{"synthetic": false,
 "schemaVersion": "2025-09-10",
 "outputs":
 {"o": ["aa3bb727e2865858.olean"],
  "m": false,
  "i": "fcaee4d2f147909d.ilean",
  "c": "f208a1e4aaf67767.c"},
 "log":
 [{"message":
   ".> LEAN_PATH=/Users/thomasdifiore/PlonkLean/.lake/packages/Cli/.lake/build/lib/lean:/Users/thomasdifiore/PlonkLean/.lake/packages/batteries/.lake/build/lib/lean:/Users/thomasdifiore/PlonkLean/.lake/packages/Qq/.lake/build/lib/lean:/Users/thomasdifiore/PlonkLean/.lake/packages/aesop/.lake/build/lib/lean:/Users/thomasdifiore/PlonkLean/.lake/packages/proofwidgets/.lake/build/lib/lean:/Users/thomasdifiore/PlonkLean/.lake/packages/importGraph/.lake/build/lib/lean:/Users/thomasdifiore/PlonkLean/.lake/packages/LeanSearchClient/.lake/build/lib/lean:/Users/thomasdifiore/PlonkLean/.lake/packages/plausible/.lake/build/lib/lean:/Users/thomasdifiore/PlonkLean/.lake/packages/mathlib/.lake/build/lib/lean:/Users/thomasdifiore/PlonkLean/.lake/build/lib/lean /Users/thomasdifiore/.elan/toolchains/leanprover--lean4---v4.30.0-rc2/bin/lean /Users/thomasdifiore/PlonkLean/PlonkLean/Identity.lean -o /Users/thomasdifiore/PlonkLean/.lake/build/lib/lean/PlonkLean/Identity.olean -i /Users/thomasdifiore/PlonkLean/.lake/build/lib/lean/PlonkLean/Identity.ilean -c /Users/thomasdifiore/PlonkLean/.lake/build/ir/PlonkLean/Identity.c --setup /Users/thomasdifiore/PlonkLean/.lake/build/ir/PlonkLean/Identity.setup.json --json",
   "level": "trace"},
  {"message": "PlonkLean/Identity.lean:333:8: declaration uses `sorry`",
   "level": "warning"},
  {"message":
   "PlonkLean/Identity.lean:363:12: This simp argument is unused:\n  Polynomial.eval_add\n\nHint: Omit it from the simp argument list.\n  simp [̵P̵o̵l̵y̵n̵o̵m̵i̵a̵l̵.̵e̵v̵a̵l̵_̵a̵d̵d̵,̵ ̵P̵o̵l̵y̵n̵o̵m̵i̵a̵l̵.̵e̵v̵a̵l̵_̵m̵u̵l̵,̵[̲P̲o̲l̲y̲n̲o̲m̲i̲a̲l̲.̲e̲v̲a̲l̲_̲m̲u̲l̲,̲ Polynomial.eval_C] at h0\n\nNote: This linter can be disabled with `set_option linter.unusedSimpArgs false`",
   "level": "warning"},
  {"message":
   "PlonkLean/Identity.lean:363:33: This simp argument is unused:\n  Polynomial.eval_mul\n\nHint: Omit it from the simp argument list.\n  simp [Polynomial.eval_add, Polynomial.eval_m̵u̵l̵,̵ ̵P̵o̵l̵y̵n̵o̵m̵i̵a̵l̵.̵e̵v̵a̵l̵_̵C] at h0\n\nNote: This linter can be disabled with `set_option linter.unusedSimpArgs false`",
   "level": "warning"},
  {"message":
   "PlonkLean/Identity.lean:363:54: This simp argument is unused:\n  Polynomial.eval_C\n\nHint: Omit it from the simp argument list.\n  simp [Polynomial.eval_add, Polynomial.eval_mul,̵ ̵P̵o̵l̵y̵n̵o̵m̵i̵a̵l̵.̵e̵v̵a̵l̵_̵C̵] at h0\n\nNote: This linter can be disabled with `set_option linter.unusedSimpArgs false`",
   "level": "warning"},
  {"message":
   "PlonkLean/Identity.lean:369:33: This simp argument is unused:\n  Polynomial.eval_mul\n\nHint: Omit it from the simp argument list.\n  simp [Polynomial.eval_add, Polynomial.eval_m̵u̵l̵,̵ ̵P̵o̵l̵y̵n̵o̵m̵i̵a̵l̵.̵e̵v̵a̵l̵_̵C, neg_one_sq] at h0 h1 hm1\n\nNote: This linter can be disabled with `set_option linter.unusedSimpArgs false`",
   "level": "warning"},
  {"message":
   "PlonkLean/Identity.lean:369:54: This simp argument is unused:\n  Polynomial.eval_C\n\nHint: Omit it from the simp argument list.\n  simp [Polynomial.eval_add, Polynomial.eval_mul, P̵o̵l̵y̵n̵o̵m̵i̵a̵l̵.̵e̵v̵a̵l̵_̵C̵,̵ ̵neg_one_sq] at h0 h1 hm1\n\nNote: This linter can be disabled with `set_option linter.unusedSimpArgs false`",
   "level": "warning"},
  {"message":
   "PlonkLean/Identity.lean:369:73: This simp argument is unused:\n  neg_one_sq\n\nHint: Omit it from the simp argument list.\n  simp [Polynomial.eval_add, Polynomial.eval_mul, Polynomial.eval_C,̵ ̵n̵e̵g̵_̵o̵n̵e̵_̵s̵q̵] at h0 h1 hm1\n\nNote: This linter can be disabled with `set_option linter.unusedSimpArgs false`",
   "level": "warning"},
  {"message":
   "PlonkLean/Identity.lean:376:33: This simp argument is unused:\n  Polynomial.eval_mul\n\nHint: Omit it from the simp argument list.\n  simp [Polynomial.eval_add, Polynomial.eval_m̵u̵l̵,̵ ̵P̵o̵l̵y̵n̵o̵m̵i̵a̵l̵.̵e̵v̵a̵l̵_̵C, neg_one_sq] at h0 h1 hm1\n\nNote: This linter can be disabled with `set_option linter.unusedSimpArgs false`",
   "level": "warning"},
  {"message":
   "PlonkLean/Identity.lean:376:54: This simp argument is unused:\n  Polynomial.eval_C\n\nHint: Omit it from the simp argument list.\n  simp [Polynomial.eval_add, Polynomial.eval_mul, P̵o̵l̵y̵n̵o̵m̵i̵a̵l̵.̵e̵v̵a̵l̵_̵C̵,̵ ̵neg_one_sq] at h0 h1 hm1\n\nNote: This linter can be disabled with `set_option linter.unusedSimpArgs false`",
   "level": "warning"},
  {"message":
   "PlonkLean/Identity.lean:376:73: This simp argument is unused:\n  neg_one_sq\n\nHint: Omit it from the simp argument list.\n  simp [Polynomial.eval_add, Polynomial.eval_mul, Polynomial.eval_C,̵ ̵n̵e̵g̵_̵o̵n̵e̵_̵s̵q̵] at h0 h1 hm1\n\nNote: This linter can be disabled with `set_option linter.unusedSimpArgs false`",
   "level": "warning"}],
 "inputs":
 [["PlonkLean.Identity:deps",
   [["deps",
     [["PlonkLean/PlonkLean:extraDep",
       [["@PlonkLean:extraDep", "00000000000006bb"]]],
      ["imports",
       [["PlonkLean.Arithmetization.ConstraintSystem transitive imports (legacy)",
         "849053e1f1649882"],
        ["PlonkLean.Arithmetization.ConstraintSystem:importAllArts",
         "ac55f14102c00024"],
        ["PlonkLean.Permutation.GrandProduct transitive imports (legacy)",
         "22f19dc5a092210b"],
        ["PlonkLean.Permutation.GrandProduct:importAllArts",
         "053f94d5fbaedfc2"],
        ["PlonkLean.Polynomial.Vanishing transitive imports (legacy)",
         "960b0ed24d7a2c3a"],
        ["PlonkLean.Polynomial.Vanishing:importAllArts", "84d98bc76d6f3168"],
        ["Mathlib.RingTheory.Polynomial.Cyclotomic.Basic transitive imports (legacy)",
         "9f39a3a13e22d5fd"],
        ["Mathlib.RingTheory.Polynomial.Cyclotomic.Basic:importAllArts",
         "741fb34af4a510b6"],
        ["Mathlib.Algebra.Polynomial.Roots transitive imports (legacy)",
         "5d5453c5913e1928"],
        ["Mathlib.Algebra.Polynomial.Roots:importAllArts",
         "3a6b25eec84a152e"]]]]],
    ["libs",
     [["import dynlibs", "00000000000006bb"],
      ["package external libraries", "00000000000006bb"],
      ["module dynlibs", "00000000000006bb"],
      ["module plugins", "00000000000006bb"]]]]],
  ["Lean 4.30.0, commit 3dc1a088b6d2d8eafe25a7cd7ec7b58d731bd7cc",
   "2c8d2623007dfc36"],
  ["/Users/thomasdifiore/PlonkLean/PlonkLean/Identity.lean",
   "b38490669ef34a8a"],
  ["options", "00000000000006bb"],
  ["isModule: false", "feefd2a0d3a1847e"],
  ["Module.name: PlonkLean.Identity", "e869d414921518e3"],
  ["Package.id?: (some PlonkLean)", "6828516ff9813389"],
  ["Module.leanArgs: #[]", "00000000000006bb"]],
 "depHash": "b0e5f1f11039ceb8"}