{"synthetic": false,
 "schemaVersion": "2025-09-10",
 "outputs":
 {"o": ["9cfb29674f25bed6.olean"],
  "m": false,
  "i": "a2874b707a97c407.ilean",
  "c": "6446706fb5d29d78.c"},
 "log":
 [{"message":
   ".> LEAN_PATH=/Users/thomasdifiore/PlonkLean/.lake/packages/Cli/.lake/build/lib/lean:/Users/thomasdifiore/PlonkLean/.lake/packages/batteries/.lake/build/lib/lean:/Users/thomasdifiore/PlonkLean/.lake/packages/Qq/.lake/build/lib/lean:/Users/thomasdifiore/PlonkLean/.lake/packages/aesop/.lake/build/lib/lean:/Users/thomasdifiore/PlonkLean/.lake/packages/proofwidgets/.lake/build/lib/lean:/Users/thomasdifiore/PlonkLean/.lake/packages/importGraph/.lake/build/lib/lean:/Users/thomasdifiore/PlonkLean/.lake/packages/LeanSearchClient/.lake/build/lib/lean:/Users/thomasdifiore/PlonkLean/.lake/packages/plausible/.lake/build/lib/lean:/Users/thomasdifiore/PlonkLean/.lake/packages/mathlib/.lake/build/lib/lean:/Users/thomasdifiore/PlonkLean/.lake/build/lib/lean /Users/thomasdifiore/.elan/toolchains/leanprover--lean4---v4.30.0-rc2/bin/lean /Users/thomasdifiore/PlonkLean/PlonkLean/Arithmetization/ConstraintSystem.lean -o /Users/thomasdifiore/PlonkLean/.lake/build/lib/lean/PlonkLean/Arithmetization/ConstraintSystem.olean -i /Users/thomasdifiore/PlonkLean/.lake/build/lib/lean/PlonkLean/Arithmetization/ConstraintSystem.ilean -c /Users/thomasdifiore/PlonkLean/.lake/build/ir/PlonkLean/Arithmetization/ConstraintSystem.c --setup /Users/thomasdifiore/PlonkLean/.lake/build/ir/PlonkLean/Arithmetization/ConstraintSystem.setup.json --json",
   "level": "trace"}],
 "inputs":
 [["PlonkLean.Arithmetization.ConstraintSystem:deps",
   [["deps",
     [["PlonkLean/PlonkLean:extraDep",
       [["@PlonkLean:extraDep", "00000000000006bb"]]],
      ["imports",
       [["PlonkLean.Arithmetization.Gate transitive imports (legacy)",
         "84259cc397c34bc6"],
        ["PlonkLean.Arithmetization.Gate:importAllArts", "f6209396fdb0a9bf"],
        ["PlonkLean.Permutation.Sigma transitive imports (legacy)",
         "84259cc397c34bc6"],
        ["PlonkLean.Permutation.Sigma:importAllArts", "4932f53e2b3818d2"],
        ["PlonkLean.Lookup.Plookup transitive imports (legacy)",
         "3d427ef20a9c490b"],
        ["PlonkLean.Lookup.Plookup:importAllArts", "8b4a29b8f16c1f53"]]]]],
    ["libs",
     [["import dynlibs", "00000000000006bb"],
      ["package external libraries", "00000000000006bb"],
      ["module dynlibs", "00000000000006bb"],
      ["module plugins", "00000000000006bb"]]]]],
  ["Lean 4.30.0, commit 3dc1a088b6d2d8eafe25a7cd7ec7b58d731bd7cc",
   "2c8d2623007dfc36"],
  ["/Users/thomasdifiore/PlonkLean/PlonkLean/Arithmetization/ConstraintSystem.lean",
   "c6162df23de0b194"],
  ["options", "00000000000006bb"],
  ["isModule: false", "feefd2a0d3a1847e"],
  ["Module.name: PlonkLean.Arithmetization.ConstraintSystem",
   "99e2739a11c4ccf4"],
  ["Package.id?: (some PlonkLean)", "6828516ff9813389"],
  ["Module.leanArgs: #[]", "00000000000006bb"]],
 "depHash": "94d140da56f4262f"}