{"synthetic": false,
 "schemaVersion": "2025-09-10",
 "outputs":
 {"o": ["03bc1bd93fdfe235.olean"],
  "m": false,
  "i": "5764498968a752ab.ilean",
  "c": "3e5d4cd120b1c0a0.c"},
 "log":
 [{"message":
   ".> LEAN_PATH=/Users/thomasdifiore/PlonkLean/.lake/packages/Cli/.lake/build/lib/lean:/Users/thomasdifiore/PlonkLean/.lake/packages/batteries/.lake/build/lib/lean:/Users/thomasdifiore/PlonkLean/.lake/packages/Qq/.lake/build/lib/lean:/Users/thomasdifiore/PlonkLean/.lake/packages/aesop/.lake/build/lib/lean:/Users/thomasdifiore/PlonkLean/.lake/packages/proofwidgets/.lake/build/lib/lean:/Users/thomasdifiore/PlonkLean/.lake/packages/importGraph/.lake/build/lib/lean:/Users/thomasdifiore/PlonkLean/.lake/packages/LeanSearchClient/.lake/build/lib/lean:/Users/thomasdifiore/PlonkLean/.lake/packages/plausible/.lake/build/lib/lean:/Users/thomasdifiore/PlonkLean/.lake/packages/mathlib/.lake/build/lib/lean:/Users/thomasdifiore/PlonkLean/.lake/build/lib/lean /Users/thomasdifiore/.elan/toolchains/leanprover--lean4---v4.30.0-rc2/bin/lean /Users/thomasdifiore/PlonkLean/PlonkLean/Arithmetization/Gate.lean -o /Users/thomasdifiore/PlonkLean/.lake/build/lib/lean/PlonkLean/Arithmetization/Gate.olean -i /Users/thomasdifiore/PlonkLean/.lake/build/lib/lean/PlonkLean/Arithmetization/Gate.ilean -c /Users/thomasdifiore/PlonkLean/.lake/build/ir/PlonkLean/Arithmetization/Gate.c --setup /Users/thomasdifiore/PlonkLean/.lake/build/ir/PlonkLean/Arithmetization/Gate.setup.json --json",
   "level": "trace"}],
 "inputs":
 [["PlonkLean.Arithmetization.Gate:deps",
   [["deps",
     [["PlonkLean/PlonkLean:extraDep",
       [["@PlonkLean:extraDep", "00000000000006bb"]]],
      ["imports",
       [["PlonkLean.Arithmetization.Wire transitive imports (legacy)",
         "a4342c9d79adc20b"],
        ["PlonkLean.Arithmetization.Wire:importAllArts",
         "dc962f716ee8d276"]]]]],
    ["libs",
     [["import dynlibs", "00000000000006bb"],
      ["package external libraries", "00000000000006bb"],
      ["module dynlibs", "00000000000006bb"],
      ["module plugins", "00000000000006bb"]]]]],
  ["Lean 4.30.0, commit 3dc1a088b6d2d8eafe25a7cd7ec7b58d731bd7cc",
   "2c8d2623007dfc36"],
  ["/Users/thomasdifiore/PlonkLean/PlonkLean/Arithmetization/Gate.lean",
   "1a143b9a57d9406e"],
  ["options", "00000000000006bb"],
  ["isModule: false", "feefd2a0d3a1847e"],
  ["Module.name: PlonkLean.Arithmetization.Gate", "9097c78187ccc60f"],
  ["Package.id?: (some PlonkLean)", "6828516ff9813389"],
  ["Module.leanArgs: #[]", "00000000000006bb"]],
 "depHash": "1fd8bd91fd9eb0fb"}