{"synthetic": false,
 "schemaVersion": "2025-09-10",
 "outputs":
 {"o": ["5550c5b9ad7c6ddb.olean"],
  "m": false,
  "i": "465870eca6341da5.ilean",
  "c": "e8d9818a6fa40b11.c"},
 "log":
 [{"message":
   ".> LEAN_PATH=/Users/thomasdifiore/PlonkLean/.lake/packages/Cli/.lake/build/lib/lean:/Users/thomasdifiore/PlonkLean/.lake/packages/batteries/.lake/build/lib/lean:/Users/thomasdifiore/PlonkLean/.lake/packages/Qq/.lake/build/lib/lean:/Users/thomasdifiore/PlonkLean/.lake/packages/aesop/.lake/build/lib/lean:/Users/thomasdifiore/PlonkLean/.lake/packages/proofwidgets/.lake/build/lib/lean:/Users/thomasdifiore/PlonkLean/.lake/packages/importGraph/.lake/build/lib/lean:/Users/thomasdifiore/PlonkLean/.lake/packages/LeanSearchClient/.lake/build/lib/lean:/Users/thomasdifiore/PlonkLean/.lake/packages/plausible/.lake/build/lib/lean:/Users/thomasdifiore/PlonkLean/.lake/packages/mathlib/.lake/build/lib/lean:/Users/thomasdifiore/PlonkLean/.lake/build/lib/lean /Users/thomasdifiore/.elan/toolchains/leanprover--lean4---v4.30.0-rc2/bin/lean /Users/thomasdifiore/PlonkLean/PlonkLean/Arithmetization/Wire.lean -o /Users/thomasdifiore/PlonkLean/.lake/build/lib/lean/PlonkLean/Arithmetization/Wire.olean -i /Users/thomasdifiore/PlonkLean/.lake/build/lib/lean/PlonkLean/Arithmetization/Wire.ilean -c /Users/thomasdifiore/PlonkLean/.lake/build/ir/PlonkLean/Arithmetization/Wire.c --setup /Users/thomasdifiore/PlonkLean/.lake/build/ir/PlonkLean/Arithmetization/Wire.setup.json --json",
   "level": "trace"}],
 "inputs":
 [["PlonkLean.Arithmetization.Wire:deps",
   [["deps",
     [["PlonkLean/PlonkLean:extraDep",
       [["@PlonkLean:extraDep", "00000000000006bb"]]],
      ["imports",
       [["Mathlib.Data.Fin.Basic transitive imports (legacy)",
         "14d11b525f6bbc33"],
        ["Mathlib.Data.Fin.Basic:importAllArts", "057fc14bf26f7258"],
        ["PlonkLean.Field.Basic transitive imports (legacy)",
         "1a4bcefe5891739d"],
        ["PlonkLean.Field.Basic:importAllArts", "4d9a095d2d8cf6f7"]]]]],
    ["libs",
     [["import dynlibs", "00000000000006bb"],
      ["package external libraries", "00000000000006bb"],
      ["module dynlibs", "00000000000006bb"],
      ["module plugins", "00000000000006bb"]]]]],
  ["Lean 4.30.0, commit 3dc1a088b6d2d8eafe25a7cd7ec7b58d731bd7cc",
   "2c8d2623007dfc36"],
  ["/Users/thomasdifiore/PlonkLean/PlonkLean/Arithmetization/Wire.lean",
   "bbbc3b7df4fea1d2"],
  ["options", "00000000000006bb"],
  ["isModule: false", "feefd2a0d3a1847e"],
  ["Module.name: PlonkLean.Arithmetization.Wire", "23bee26b7b1dbba1"],
  ["Package.id?: (some PlonkLean)", "6828516ff9813389"],
  ["Module.leanArgs: #[]", "00000000000006bb"]],
 "depHash": "ee430bc5e4daba0f"}