{"synthetic": false,
 "schemaVersion": "2025-09-10",
 "outputs":
 {"o": ["a9c40eaf54f181bd.olean"],
  "m": false,
  "i": "e394701255d282b0.ilean",
  "c": "fafe3f3171db0d8f.c"},
 "log":
 [{"message":
   ".> LEAN_PATH=/Users/thomasdifiore/PlonkLean/.lake/packages/Cli/.lake/build/lib/lean:/Users/thomasdifiore/PlonkLean/.lake/packages/batteries/.lake/build/lib/lean:/Users/thomasdifiore/PlonkLean/.lake/packages/Qq/.lake/build/lib/lean:/Users/thomasdifiore/PlonkLean/.lake/packages/aesop/.lake/build/lib/lean:/Users/thomasdifiore/PlonkLean/.lake/packages/proofwidgets/.lake/build/lib/lean:/Users/thomasdifiore/PlonkLean/.lake/packages/importGraph/.lake/build/lib/lean:/Users/thomasdifiore/PlonkLean/.lake/packages/LeanSearchClient/.lake/build/lib/lean:/Users/thomasdifiore/PlonkLean/.lake/packages/plausible/.lake/build/lib/lean:/Users/thomasdifiore/PlonkLean/.lake/packages/mathlib/.lake/build/lib/lean:/Users/thomasdifiore/PlonkLean/.lake/build/lib/lean /Users/thomasdifiore/.elan/toolchains/leanprover--lean4---v4.30.0-rc2/bin/lean /Users/thomasdifiore/PlonkLean/PlonkLean/Lookup/Plookup.lean -o /Users/thomasdifiore/PlonkLean/.lake/build/lib/lean/PlonkLean/Lookup/Plookup.olean -i /Users/thomasdifiore/PlonkLean/.lake/build/lib/lean/PlonkLean/Lookup/Plookup.ilean -c /Users/thomasdifiore/PlonkLean/.lake/build/ir/PlonkLean/Lookup/Plookup.c --setup /Users/thomasdifiore/PlonkLean/.lake/build/ir/PlonkLean/Lookup/Plookup.setup.json --json",
   "level": "trace"}],
 "inputs":
 [["PlonkLean.Lookup.Plookup:deps",
   [["deps",
     [["PlonkLean/PlonkLean:extraDep",
       [["@PlonkLean:extraDep", "00000000000006bb"]]],
      ["imports",
       [["PlonkLean.Permutation.GrandProduct transitive imports (legacy)",
         "22f19dc5a092210b"],
        ["PlonkLean.Permutation.GrandProduct:importAllArts",
         "053f94d5fbaedfc2"]]]]],
    ["libs",
     [["import dynlibs", "00000000000006bb"],
      ["package external libraries", "00000000000006bb"],
      ["module dynlibs", "00000000000006bb"],
      ["module plugins", "00000000000006bb"]]]]],
  ["Lean 4.30.0, commit 3dc1a088b6d2d8eafe25a7cd7ec7b58d731bd7cc",
   "2c8d2623007dfc36"],
  ["/Users/thomasdifiore/PlonkLean/PlonkLean/Lookup/Plookup.lean",
   "b2cfe8011bd6af04"],
  ["options", "00000000000006bb"],
  ["isModule: false", "feefd2a0d3a1847e"],
  ["Module.name: PlonkLean.Lookup.Plookup", "5639bcf1d4538d68"],
  ["Package.id?: (some PlonkLean)", "6828516ff9813389"],
  ["Module.leanArgs: #[]", "00000000000006bb"]],
 "depHash": "65b197bd8d3635e2"}