{"synthetic": false,
 "schemaVersion": "2025-09-10",
 "outputs":
 {"o": ["43ec4ae3e13e3703.olean"],
  "m": false,
  "i": "a5a1d6c4abbf9ab4.ilean",
  "c": "4cf1ef549abe2eb5.c"},
 "log":
 [{"message":
   ".> LEAN_PATH=/Users/thomasdifiore/PlonkLean/.lake/packages/Cli/.lake/build/lib/lean:/Users/thomasdifiore/PlonkLean/.lake/packages/batteries/.lake/build/lib/lean:/Users/thomasdifiore/PlonkLean/.lake/packages/Qq/.lake/build/lib/lean:/Users/thomasdifiore/PlonkLean/.lake/packages/aesop/.lake/build/lib/lean:/Users/thomasdifiore/PlonkLean/.lake/packages/proofwidgets/.lake/build/lib/lean:/Users/thomasdifiore/PlonkLean/.lake/packages/importGraph/.lake/build/lib/lean:/Users/thomasdifiore/PlonkLean/.lake/packages/LeanSearchClient/.lake/build/lib/lean:/Users/thomasdifiore/PlonkLean/.lake/packages/plausible/.lake/build/lib/lean:/Users/thomasdifiore/PlonkLean/.lake/packages/mathlib/.lake/build/lib/lean:/Users/thomasdifiore/PlonkLean/.lake/build/lib/lean /Users/thomasdifiore/.elan/toolchains/leanprover--lean4---v4.30.0-rc2/bin/lean /Users/thomasdifiore/PlonkLean/PlonkLean/Permutation/GrandProduct.lean -o /Users/thomasdifiore/PlonkLean/.lake/build/lib/lean/PlonkLean/Permutation/GrandProduct.olean -i /Users/thomasdifiore/PlonkLean/.lake/build/lib/lean/PlonkLean/Permutation/GrandProduct.ilean -c /Users/thomasdifiore/PlonkLean/.lake/build/ir/PlonkLean/Permutation/GrandProduct.c --setup /Users/thomasdifiore/PlonkLean/.lake/build/ir/PlonkLean/Permutation/GrandProduct.setup.json --json",
   "level": "trace"}],
 "inputs":
 [["PlonkLean.Permutation.GrandProduct:deps",
   [["deps",
     [["PlonkLean/PlonkLean:extraDep",
       [["@PlonkLean:extraDep", "00000000000006bb"]]],
      ["imports",
       [["PlonkLean.Permutation.Sigma transitive imports (legacy)",
         "84259cc397c34bc6"],
        ["PlonkLean.Permutation.Sigma:importAllArts", "4932f53e2b3818d2"],
        ["PlonkLean.Polynomial.Lagrange transitive imports (legacy)",
         "72bbddb9de4e4ca3"],
        ["PlonkLean.Polynomial.Lagrange:importAllArts", "2fafa92696a39c16"],
        ["PlonkLean.Polynomial.Vanishing transitive imports (legacy)",
         "960b0ed24d7a2c3a"],
        ["PlonkLean.Polynomial.Vanishing:importAllArts", "84d98bc76d6f3168"],
        ["Mathlib.Algebra.BigOperators.Group.Finset.Basic transitive imports (legacy)",
         "ad5d85a31e754929"],
        ["Mathlib.Algebra.BigOperators.Group.Finset.Basic:importAllArts",
         "f6a167937b093a04"]]]]],
    ["libs",
     [["import dynlibs", "00000000000006bb"],
      ["package external libraries", "00000000000006bb"],
      ["module dynlibs", "00000000000006bb"],
      ["module plugins", "00000000000006bb"]]]]],
  ["Lean 4.30.0, commit 3dc1a088b6d2d8eafe25a7cd7ec7b58d731bd7cc",
   "2c8d2623007dfc36"],
  ["/Users/thomasdifiore/PlonkLean/PlonkLean/Permutation/GrandProduct.lean",
   "a2735315393b7799"],
  ["options", "00000000000006bb"],
  ["isModule: false", "feefd2a0d3a1847e"],
  ["Module.name: PlonkLean.Permutation.GrandProduct", "0e00c7b7f1dfbe6d"],
  ["Package.id?: (some PlonkLean)", "6828516ff9813389"],
  ["Module.leanArgs: #[]", "00000000000006bb"]],
 "depHash": "1d9c9b73c7a34736"}