{"synthetic": false,
 "schemaVersion": "2025-09-10",
 "outputs":
 {"o": ["4b14b244df51751e.olean"],
  "m": false,
  "i": "0e5e96d42dc3c7c4.ilean",
  "c": "c9e342c2d78a51dc.c"},
 "log":
 [{"message":
   ".> LEAN_PATH=/Users/thomasdifiore/PlonkLean/.lake/packages/Cli/.lake/build/lib/lean:/Users/thomasdifiore/PlonkLean/.lake/packages/batteries/.lake/build/lib/lean:/Users/thomasdifiore/PlonkLean/.lake/packages/Qq/.lake/build/lib/lean:/Users/thomasdifiore/PlonkLean/.lake/packages/aesop/.lake/build/lib/lean:/Users/thomasdifiore/PlonkLean/.lake/packages/proofwidgets/.lake/build/lib/lean:/Users/thomasdifiore/PlonkLean/.lake/packages/importGraph/.lake/build/lib/lean:/Users/thomasdifiore/PlonkLean/.lake/packages/LeanSearchClient/.lake/build/lib/lean:/Users/thomasdifiore/PlonkLean/.lake/packages/plausible/.lake/build/lib/lean:/Users/thomasdifiore/PlonkLean/.lake/packages/mathlib/.lake/build/lib/lean:/Users/thomasdifiore/PlonkLean/.lake/build/lib/lean /Users/thomasdifiore/.elan/toolchains/leanprover--lean4---v4.30.0-rc2/bin/lean /Users/thomasdifiore/PlonkLean/PlonkLean.lean -o /Users/thomasdifiore/PlonkLean/.lake/build/lib/lean/PlonkLean.olean -i /Users/thomasdifiore/PlonkLean/.lake/build/lib/lean/PlonkLean.ilean -c /Users/thomasdifiore/PlonkLean/.lake/build/ir/PlonkLean.c --setup /Users/thomasdifiore/PlonkLean/.lake/build/ir/PlonkLean.setup.json --json",
   "level": "trace"}],
 "inputs":
 [["PlonkLean:deps",
   [["deps",
     [["PlonkLean/PlonkLean:extraDep",
       [["@PlonkLean:extraDep", "00000000000006bb"]]],
      ["imports",
       [["PlonkLean.Field.Basic transitive imports (legacy)",
         "1a4bcefe5891739d"],
        ["PlonkLean.Field.Basic:importAllArts", "4d9a095d2d8cf6f7"],
        ["PlonkLean.Polynomial.Vanishing transitive imports (legacy)",
         "960b0ed24d7a2c3a"],
        ["PlonkLean.Polynomial.Vanishing:importAllArts", "84d98bc76d6f3168"],
        ["PlonkLean.Polynomial.Lagrange transitive imports (legacy)",
         "72bbddb9de4e4ca3"],
        ["PlonkLean.Polynomial.Lagrange:importAllArts", "2fafa92696a39c16"],
        ["PlonkLean.Arithmetization.Wire transitive imports (legacy)",
         "a4342c9d79adc20b"],
        ["PlonkLean.Arithmetization.Wire:importAllArts", "dc962f716ee8d276"],
        ["PlonkLean.Arithmetization.Gate transitive imports (legacy)",
         "84259cc397c34bc6"],
        ["PlonkLean.Arithmetization.Gate:importAllArts", "f6209396fdb0a9bf"],
        ["PlonkLean.Arithmetization.ConstraintSystem transitive imports (legacy)",
         "849053e1f1649882"],
        ["PlonkLean.Arithmetization.ConstraintSystem:importAllArts",
         "ac55f14102c00024"],
        ["PlonkLean.Permutation.Sigma transitive imports (legacy)",
         "84259cc397c34bc6"],
        ["PlonkLean.Permutation.Sigma:importAllArts", "4932f53e2b3818d2"],
        ["PlonkLean.Permutation.GrandProduct transitive imports (legacy)",
         "22f19dc5a092210b"],
        ["PlonkLean.Permutation.GrandProduct:importAllArts",
         "053f94d5fbaedfc2"],
        ["PlonkLean.Lookup.Plookup transitive imports (legacy)",
         "3d427ef20a9c490b"],
        ["PlonkLean.Lookup.Plookup:importAllArts", "8b4a29b8f16c1f53"],
        ["PlonkLean.Identity transitive imports (legacy)", "4656969911823d5f"],
        ["PlonkLean.Identity:importAllArts", "fbefb8614f16b143"]]]]],
    ["libs",
     [["import dynlibs", "00000000000006bb"],
      ["package external libraries", "00000000000006bb"],
      ["module dynlibs", "00000000000006bb"],
      ["module plugins", "00000000000006bb"]]]]],
  ["Lean 4.30.0, commit 3dc1a088b6d2d8eafe25a7cd7ec7b58d731bd7cc",
   "2c8d2623007dfc36"],
  ["/Users/thomasdifiore/PlonkLean/PlonkLean.lean", "c9995ec1b981085d"],
  ["options", "00000000000006bb"],
  ["isModule: false", "feefd2a0d3a1847e"],
  ["Module.name: PlonkLean", "e4aac496e432645d"],
  ["Package.id?: (some PlonkLean)", "6828516ff9813389"],
  ["Module.leanArgs: #[]", "00000000000006bb"]],
 "depHash": "9acd4c0efa055f5c"}