{"synthetic": false,
 "schemaVersion": "2025-09-10",
 "outputs":
 {"o": ["13b760a0b8a1b749.olean"],
  "m": false,
  "i": "d11b3616c93607be.ilean",
  "c": "5cb83e696e1fd951.c"},
 "log":
 [{"message":
   ".> LEAN_PATH=/Users/thomasdifiore/PlonkLean/.lake/packages/Cli/.lake/build/lib/lean:/Users/thomasdifiore/PlonkLean/.lake/packages/batteries/.lake/build/lib/lean:/Users/thomasdifiore/PlonkLean/.lake/packages/Qq/.lake/build/lib/lean:/Users/thomasdifiore/PlonkLean/.lake/packages/aesop/.lake/build/lib/lean:/Users/thomasdifiore/PlonkLean/.lake/packages/proofwidgets/.lake/build/lib/lean:/Users/thomasdifiore/PlonkLean/.lake/packages/importGraph/.lake/build/lib/lean:/Users/thomasdifiore/PlonkLean/.lake/packages/LeanSearchClient/.lake/build/lib/lean:/Users/thomasdifiore/PlonkLean/.lake/packages/plausible/.lake/build/lib/lean:/Users/thomasdifiore/PlonkLean/.lake/packages/mathlib/.lake/build/lib/lean:/Users/thomasdifiore/PlonkLean/.lake/build/lib/lean /Users/thomasdifiore/.elan/toolchains/leanprover--lean4---v4.30.0-rc2/bin/lean /Users/thomasdifiore/PlonkLean/PlonkLean/Polynomial/Lagrange.lean -o /Users/thomasdifiore/PlonkLean/.lake/build/lib/lean/PlonkLean/Polynomial/Lagrange.olean -i /Users/thomasdifiore/PlonkLean/.lake/build/lib/lean/PlonkLean/Polynomial/Lagrange.ilean -c /Users/thomasdifiore/PlonkLean/.lake/build/ir/PlonkLean/Polynomial/Lagrange.c --setup /Users/thomasdifiore/PlonkLean/.lake/build/ir/PlonkLean/Polynomial/Lagrange.setup.json --json",
   "level": "trace"}],
 "inputs":
 [["PlonkLean.Polynomial.Lagrange:deps",
   [["deps",
     [["PlonkLean/PlonkLean:extraDep",
       [["@PlonkLean:extraDep", "00000000000006bb"]]],
      ["imports",
       [["Mathlib.LinearAlgebra.Lagrange transitive imports (legacy)",
         "a45fc47c68870380"],
        ["Mathlib.LinearAlgebra.Lagrange:importAllArts", "81ae8535045eecea"],
        ["Mathlib.RingTheory.RootsOfUnity.PrimitiveRoots transitive imports (legacy)",
         "1245da8380bc8348"],
        ["Mathlib.RingTheory.RootsOfUnity.PrimitiveRoots:importAllArts",
         "36776f2ef2299044"],
        ["PlonkLean.Field.Basic transitive imports (legacy)",
         "1a4bcefe5891739d"],
        ["PlonkLean.Field.Basic:importAllArts", "4d9a095d2d8cf6f7"]]]]],
    ["libs",
     [["import dynlibs", "00000000000006bb"],
      ["package external libraries", "00000000000006bb"],
      ["module dynlibs", "00000000000006bb"],
      ["module plugins", "00000000000006bb"]]]]],
  ["Lean 4.30.0, commit 3dc1a088b6d2d8eafe25a7cd7ec7b58d731bd7cc",
   "2c8d2623007dfc36"],
  ["/Users/thomasdifiore/PlonkLean/PlonkLean/Polynomial/Lagrange.lean",
   "3cc60d62cd1980b4"],
  ["options", "00000000000006bb"],
  ["isModule: false", "feefd2a0d3a1847e"],
  ["Module.name: PlonkLean.Polynomial.Lagrange", "f17a43e75cb225c7"],
  ["Package.id?: (some PlonkLean)", "6828516ff9813389"],
  ["Module.leanArgs: #[]", "00000000000006bb"]],
 "depHash": "ab80fda40186e198"}