{"synthetic": false,
 "schemaVersion": "2025-09-10",
 "outputs":
 {"o": ["e0f6ffe39a73bd65.olean"],
  "m": false,
  "i": "eb53a1560ab4a76f.ilean",
  "c": "49ef26cad529e6c8.c"},
 "log":
 [{"message":
   ".> LEAN_PATH=/Users/thomasdifiore/PlonkLean/.lake/packages/Cli/.lake/build/lib/lean:/Users/thomasdifiore/PlonkLean/.lake/packages/batteries/.lake/build/lib/lean:/Users/thomasdifiore/PlonkLean/.lake/packages/Qq/.lake/build/lib/lean:/Users/thomasdifiore/PlonkLean/.lake/packages/aesop/.lake/build/lib/lean:/Users/thomasdifiore/PlonkLean/.lake/packages/proofwidgets/.lake/build/lib/lean:/Users/thomasdifiore/PlonkLean/.lake/packages/importGraph/.lake/build/lib/lean:/Users/thomasdifiore/PlonkLean/.lake/packages/LeanSearchClient/.lake/build/lib/lean:/Users/thomasdifiore/PlonkLean/.lake/packages/plausible/.lake/build/lib/lean:/Users/thomasdifiore/PlonkLean/.lake/packages/mathlib/.lake/build/lib/lean:/Users/thomasdifiore/PlonkLean/.lake/build/lib/lean /Users/thomasdifiore/.elan/toolchains/leanprover--lean4---v4.30.0-rc2/bin/lean /Users/thomasdifiore/PlonkLean/PlonkLean/Polynomial/Vanishing.lean -o /Users/thomasdifiore/PlonkLean/.lake/build/lib/lean/PlonkLean/Polynomial/Vanishing.olean -i /Users/thomasdifiore/PlonkLean/.lake/build/lib/lean/PlonkLean/Polynomial/Vanishing.ilean -c /Users/thomasdifiore/PlonkLean/.lake/build/ir/PlonkLean/Polynomial/Vanishing.c --setup /Users/thomasdifiore/PlonkLean/.lake/build/ir/PlonkLean/Polynomial/Vanishing.setup.json --json",
   "level": "trace"}],
 "inputs":
 [["PlonkLean.Polynomial.Vanishing:deps",
   [["deps",
     [["PlonkLean/PlonkLean:extraDep",
       [["@PlonkLean:extraDep", "00000000000006bb"]]],
      ["imports",
       [["Mathlib.Algebra.Polynomial.Basic transitive imports (legacy)",
         "b539aa64f68deaef"],
        ["Mathlib.Algebra.Polynomial.Basic:importAllArts", "3e84b30c0c98bffb"],
        ["Mathlib.Algebra.Polynomial.Eval.Defs transitive imports (legacy)",
         "174cff983a42f357"],
        ["Mathlib.Algebra.Polynomial.Eval.Defs:importAllArts",
         "7dc05d44de6b7ffe"],
        ["PlonkLean.Field.Basic transitive imports (legacy)",
         "1a4bcefe5891739d"],
        ["PlonkLean.Field.Basic:importAllArts", "4d9a095d2d8cf6f7"]]]]],
    ["libs",
     [["import dynlibs", "00000000000006bb"],
      ["package external libraries", "00000000000006bb"],
      ["module dynlibs", "00000000000006bb"],
      ["module plugins", "00000000000006bb"]]]]],
  ["Lean 4.30.0, commit 3dc1a088b6d2d8eafe25a7cd7ec7b58d731bd7cc",
   "2c8d2623007dfc36"],
  ["/Users/thomasdifiore/PlonkLean/PlonkLean/Polynomial/Vanishing.lean",
   "4772418ed61fd61f"],
  ["options", "00000000000006bb"],
  ["isModule: false", "feefd2a0d3a1847e"],
  ["Module.name: PlonkLean.Polynomial.Vanishing", "da571ed4bf019381"],
  ["Package.id?: (some PlonkLean)", "6828516ff9813389"],
  ["Module.leanArgs: #[]", "00000000000006bb"]],
 "depHash": "1855c23c213d8904"}