{"synthetic": false,
 "schemaVersion": "2025-09-10",
 "outputs":
 {"o": ["59a9fe22da864016.olean"],
  "m": false,
  "i": "14e04d91e9142eb8.ilean",
  "c": "025a0777888f69a3.c"},
 "log":
 [{"message":
   ".> LEAN_PATH=/Users/thomasdifiore/PlonkLean/.lake/packages/Cli/.lake/build/lib/lean:/Users/thomasdifiore/PlonkLean/.lake/packages/batteries/.lake/build/lib/lean:/Users/thomasdifiore/PlonkLean/.lake/packages/Qq/.lake/build/lib/lean:/Users/thomasdifiore/PlonkLean/.lake/packages/aesop/.lake/build/lib/lean:/Users/thomasdifiore/PlonkLean/.lake/packages/proofwidgets/.lake/build/lib/lean:/Users/thomasdifiore/PlonkLean/.lake/packages/importGraph/.lake/build/lib/lean:/Users/thomasdifiore/PlonkLean/.lake/packages/LeanSearchClient/.lake/build/lib/lean:/Users/thomasdifiore/PlonkLean/.lake/packages/plausible/.lake/build/lib/lean:/Users/thomasdifiore/PlonkLean/.lake/packages/mathlib/.lake/build/lib/lean:/Users/thomasdifiore/PlonkLean/.lake/build/lib/lean /Users/thomasdifiore/.elan/toolchains/leanprover--lean4---v4.30.0-rc2/bin/lean /Users/thomasdifiore/PlonkLean/PlonkLean/Field/Basic.lean -o /Users/thomasdifiore/PlonkLean/.lake/build/lib/lean/PlonkLean/Field/Basic.olean -i /Users/thomasdifiore/PlonkLean/.lake/build/lib/lean/PlonkLean/Field/Basic.ilean -c /Users/thomasdifiore/PlonkLean/.lake/build/ir/PlonkLean/Field/Basic.c --setup /Users/thomasdifiore/PlonkLean/.lake/build/ir/PlonkLean/Field/Basic.setup.json --json",
   "level": "trace"}],
 "inputs":
 [["PlonkLean.Field.Basic:deps",
   [["deps",
     [["PlonkLean/PlonkLean:extraDep",
       [["@PlonkLean:extraDep", "00000000000006bb"]]],
      ["imports",
       [["Mathlib.Algebra.Field.Basic transitive imports (legacy)",
         "4542579a55400a2a"],
        ["Mathlib.Algebra.Field.Basic:importAllArts", "8584e77aa97154fe"],
        ["Mathlib.RingTheory.RootsOfUnity.PrimitiveRoots transitive imports (legacy)",
         "1245da8380bc8348"],
        ["Mathlib.RingTheory.RootsOfUnity.PrimitiveRoots:importAllArts",
         "36776f2ef2299044"],
        ["Mathlib.FieldTheory.Finite.Basic transitive imports (legacy)",
         "57fa027f9fa8aef5"],
        ["Mathlib.FieldTheory.Finite.Basic:importAllArts",
         "dc3a1124bcc124a8"]]]]],
    ["libs",
     [["import dynlibs", "00000000000006bb"],
      ["package external libraries", "00000000000006bb"],
      ["module dynlibs", "00000000000006bb"],
      ["module plugins", "00000000000006bb"]]]]],
  ["Lean 4.30.0, commit 3dc1a088b6d2d8eafe25a7cd7ec7b58d731bd7cc",
   "2c8d2623007dfc36"],
  ["/Users/thomasdifiore/PlonkLean/PlonkLean/Field/Basic.lean",
   "1daefa67f2ff2f9a"],
  ["options", "00000000000006bb"],
  ["isModule: false", "feefd2a0d3a1847e"],
  ["Module.name: PlonkLean.Field.Basic", "3b68a25320d9aff9"],
  ["Package.id?: (some PlonkLean)", "6828516ff9813389"],
  ["Module.leanArgs: #[]", "00000000000006bb"]],
 "depHash": "f538ff4fcff8b38f"}